# serializer version: 1
# name: test_write_json_session_list_snapshot
  '''
  {
    "sessions": [
      {
        "session_id": "abc123",
        "project": "ccforensics",
        "cost_usd": 1.23,
        "duration_s": 47,
        "summary": "📎 /path/to/attachment.pdf"
      },
      {
        "session_id": "def456",
        "project": "other",
        "cost_usd": null,
        "duration_s": 120,
        "summary": "refactor helper module"
      }
    ],
    "count": 2
  }
  
  '''
# ---
